C:\Users\felip\OneDrive\Documentos\UNIESP\BackEnd P4\SistemaFinanceiro-main\SistemaFinanceiro-main\src\main\java\com\Projeto\SistemaFinanceiro\controller\AutenticacaoController.java
C:\Users\felip\OneDrive\Documentos\UNIESP\BackEnd P4\SistemaFinanceiro-main\SistemaFinanceiro-main\src\main\java\com\Projeto\SistemaFinanceiro\controller\CategoriaController.java
C:\Users\felip\OneDrive\Documentos\UNIESP\BackEnd P4\SistemaFinanceiro-main\SistemaFinanceiro-main\src\main\java\com\Projeto\SistemaFinanceiro\controller\LancamentoController.java
C:\Users\felip\OneDrive\Documentos\UNIESP\BackEnd P4\SistemaFinanceiro-main\SistemaFinanceiro-main\src\main\java\com\Projeto\SistemaFinanceiro\controller\PessoaController.java
C:\Users\felip\OneDrive\Documentos\UNIESP\BackEnd P4\SistemaFinanceiro-main\SistemaFinanceiro-main\src\main\java\com\Projeto\SistemaFinanceiro\controller\UsuarioController.java
C:\Users\felip\OneDrive\Documentos\UNIESP\BackEnd P4\SistemaFinanceiro-main\SistemaFinanceiro-main\src\main\java\com\Projeto\SistemaFinanceiro\domain\atualizacao\DadosAtualizacaoCategoria.java
C:\Users\felip\OneDrive\Documentos\UNIESP\BackEnd P4\SistemaFinanceiro-main\SistemaFinanceiro-main\src\main\java\com\Projeto\SistemaFinanceiro\domain\atualizacao\DadosAtualizacaoLancamento.java
C:\Users\felip\OneDrive\Documentos\UNIESP\BackEnd P4\SistemaFinanceiro-main\SistemaFinanceiro-main\src\main\java\com\Projeto\SistemaFinanceiro\domain\atualizacao\DadosAtualizacaoPessoa.java
C:\Users\felip\OneDrive\Documentos\UNIESP\BackEnd P4\SistemaFinanceiro-main\SistemaFinanceiro-main\src\main\java\com\Projeto\SistemaFinanceiro\domain\atualizacao\DadosAtualizadoUsuario.java
C:\Users\felip\OneDrive\Documentos\UNIESP\BackEnd P4\SistemaFinanceiro-main\SistemaFinanceiro-main\src\main\java\com\Projeto\SistemaFinanceiro\domain\cadastro\DadosCadastroCategoria.java
C:\Users\felip\OneDrive\Documentos\UNIESP\BackEnd P4\SistemaFinanceiro-main\SistemaFinanceiro-main\src\main\java\com\Projeto\SistemaFinanceiro\domain\cadastro\DadosCadastroLancamento.java
C:\Users\felip\OneDrive\Documentos\UNIESP\BackEnd P4\SistemaFinanceiro-main\SistemaFinanceiro-main\src\main\java\com\Projeto\SistemaFinanceiro\domain\cadastro\DadosCadastroPessoa.java
C:\Users\felip\OneDrive\Documentos\UNIESP\BackEnd P4\SistemaFinanceiro-main\SistemaFinanceiro-main\src\main\java\com\Projeto\SistemaFinanceiro\domain\detalhamento\DadosDetalhamentoCategoria.java
C:\Users\felip\OneDrive\Documentos\UNIESP\BackEnd P4\SistemaFinanceiro-main\SistemaFinanceiro-main\src\main\java\com\Projeto\SistemaFinanceiro\domain\detalhamento\DadosDetalhamentoLancamento.java
C:\Users\felip\OneDrive\Documentos\UNIESP\BackEnd P4\SistemaFinanceiro-main\SistemaFinanceiro-main\src\main\java\com\Projeto\SistemaFinanceiro\domain\detalhamento\DadosDetalhamentoPessoa.java
C:\Users\felip\OneDrive\Documentos\UNIESP\BackEnd P4\SistemaFinanceiro-main\SistemaFinanceiro-main\src\main\java\com\Projeto\SistemaFinanceiro\domain\endereco\DadosEndereco.java
C:\Users\felip\OneDrive\Documentos\UNIESP\BackEnd P4\SistemaFinanceiro-main\SistemaFinanceiro-main\src\main\java\com\Projeto\SistemaFinanceiro\domain\endereco\Endereco.java
C:\Users\felip\OneDrive\Documentos\UNIESP\BackEnd P4\SistemaFinanceiro-main\SistemaFinanceiro-main\src\main\java\com\Projeto\SistemaFinanceiro\domain\listagem\DadosListagemCategoria.java
C:\Users\felip\OneDrive\Documentos\UNIESP\BackEnd P4\SistemaFinanceiro-main\SistemaFinanceiro-main\src\main\java\com\Projeto\SistemaFinanceiro\domain\listagem\DadosListagemLancamento.java
C:\Users\felip\OneDrive\Documentos\UNIESP\BackEnd P4\SistemaFinanceiro-main\SistemaFinanceiro-main\src\main\java\com\Projeto\SistemaFinanceiro\domain\listagem\DadosListagemPessoa.java
C:\Users\felip\OneDrive\Documentos\UNIESP\BackEnd P4\SistemaFinanceiro-main\SistemaFinanceiro-main\src\main\java\com\Projeto\SistemaFinanceiro\domain\model\Categoria.java
C:\Users\felip\OneDrive\Documentos\UNIESP\BackEnd P4\SistemaFinanceiro-main\SistemaFinanceiro-main\src\main\java\com\Projeto\SistemaFinanceiro\domain\model\Lancamento.java
C:\Users\felip\OneDrive\Documentos\UNIESP\BackEnd P4\SistemaFinanceiro-main\SistemaFinanceiro-main\src\main\java\com\Projeto\SistemaFinanceiro\domain\model\Pessoa.java
C:\Users\felip\OneDrive\Documentos\UNIESP\BackEnd P4\SistemaFinanceiro-main\SistemaFinanceiro-main\src\main\java\com\Projeto\SistemaFinanceiro\domain\model\TipoLancamento.java
C:\Users\felip\OneDrive\Documentos\UNIESP\BackEnd P4\SistemaFinanceiro-main\SistemaFinanceiro-main\src\main\java\com\Projeto\SistemaFinanceiro\domain\repository\CategoriaRepository.java
C:\Users\felip\OneDrive\Documentos\UNIESP\BackEnd P4\SistemaFinanceiro-main\SistemaFinanceiro-main\src\main\java\com\Projeto\SistemaFinanceiro\domain\repository\LancamentoRepository.java
C:\Users\felip\OneDrive\Documentos\UNIESP\BackEnd P4\SistemaFinanceiro-main\SistemaFinanceiro-main\src\main\java\com\Projeto\SistemaFinanceiro\domain\repository\PessoaRepository.java
C:\Users\felip\OneDrive\Documentos\UNIESP\BackEnd P4\SistemaFinanceiro-main\SistemaFinanceiro-main\src\main\java\com\Projeto\SistemaFinanceiro\domain\service\UsuarioService.java
C:\Users\felip\OneDrive\Documentos\UNIESP\BackEnd P4\SistemaFinanceiro-main\SistemaFinanceiro-main\src\main\java\com\Projeto\SistemaFinanceiro\domain\usuario\DadosAutenticacao.java
C:\Users\felip\OneDrive\Documentos\UNIESP\BackEnd P4\SistemaFinanceiro-main\SistemaFinanceiro-main\src\main\java\com\Projeto\SistemaFinanceiro\domain\usuario\DadosCadastroUsuario.java
C:\Users\felip\OneDrive\Documentos\UNIESP\BackEnd P4\SistemaFinanceiro-main\SistemaFinanceiro-main\src\main\java\com\Projeto\SistemaFinanceiro\domain\usuario\DadosDetalhamentoUsuario.java
C:\Users\felip\OneDrive\Documentos\UNIESP\BackEnd P4\SistemaFinanceiro-main\SistemaFinanceiro-main\src\main\java\com\Projeto\SistemaFinanceiro\domain\usuario\DadosListagemUsuario.java
C:\Users\felip\OneDrive\Documentos\UNIESP\BackEnd P4\SistemaFinanceiro-main\SistemaFinanceiro-main\src\main\java\com\Projeto\SistemaFinanceiro\domain\usuario\DadosTokenJWT.java
C:\Users\felip\OneDrive\Documentos\UNIESP\BackEnd P4\SistemaFinanceiro-main\SistemaFinanceiro-main\src\main\java\com\Projeto\SistemaFinanceiro\domain\usuario\Usuario.java
C:\Users\felip\OneDrive\Documentos\UNIESP\BackEnd P4\SistemaFinanceiro-main\SistemaFinanceiro-main\src\main\java\com\Projeto\SistemaFinanceiro\domain\usuario\UsuarioRepository.java
C:\Users\felip\OneDrive\Documentos\UNIESP\BackEnd P4\SistemaFinanceiro-main\SistemaFinanceiro-main\src\main\java\com\Projeto\SistemaFinanceiro\infra\exception\DadosDeErroValidacao.java
C:\Users\felip\OneDrive\Documentos\UNIESP\BackEnd P4\SistemaFinanceiro-main\SistemaFinanceiro-main\src\main\java\com\Projeto\SistemaFinanceiro\infra\exception\TratadorDeErros.java
C:\Users\felip\OneDrive\Documentos\UNIESP\BackEnd P4\SistemaFinanceiro-main\SistemaFinanceiro-main\src\main\java\com\Projeto\SistemaFinanceiro\infra\security\AutenticacaoService.java
C:\Users\felip\OneDrive\Documentos\UNIESP\BackEnd P4\SistemaFinanceiro-main\SistemaFinanceiro-main\src\main\java\com\Projeto\SistemaFinanceiro\infra\security\DadosToken.java
C:\Users\felip\OneDrive\Documentos\UNIESP\BackEnd P4\SistemaFinanceiro-main\SistemaFinanceiro-main\src\main\java\com\Projeto\SistemaFinanceiro\infra\security\SecurityConfiguretions.java
C:\Users\felip\OneDrive\Documentos\UNIESP\BackEnd P4\SistemaFinanceiro-main\SistemaFinanceiro-main\src\main\java\com\Projeto\SistemaFinanceiro\infra\security\SecurityFilter.java
C:\Users\felip\OneDrive\Documentos\UNIESP\BackEnd P4\SistemaFinanceiro-main\SistemaFinanceiro-main\src\main\java\com\Projeto\SistemaFinanceiro\infra\security\TokenService.java
C:\Users\felip\OneDrive\Documentos\UNIESP\BackEnd P4\SistemaFinanceiro-main\SistemaFinanceiro-main\src\main\java\com\Projeto\SistemaFinanceiro\infra\security\UserDetailsService.java
C:\Users\felip\OneDrive\Documentos\UNIESP\BackEnd P4\SistemaFinanceiro-main\SistemaFinanceiro-main\src\main\java\com\Projeto\SistemaFinanceiro\SistemaFinanceiroApplication.java
